[0.178s] DEBUG:colcon:Command line arguments: ['/usr/bin/colcon', 'list', '-p', '--base-paths', '/home/prime/lab4_ws/src', '--log-base', '/dev/null']
[0.178s] DEBUG:colcon:Parsed command line arguments: Namespace(log_base=None, log_level=None, verb_name='list', build_base='build', ignore_user_meta=False, metas=['./colcon.meta'], base_paths=['/home/prime/lab4_ws/src', '--log-base', '/dev/null'], packages_ignore=None, packages_ignore_regex=None, paths=None, packages_up_to=None, packages_up_to_regex=None, packages_above=None, packages_above_and_dependencies=None, packages_above_depth=None, packages_select_by_dep=None, packages_skip_by_dep=None, packages_skip_up_to=None, packages_select_build_failed=False, packages_skip_build_finished=False, packages_select_test_failures=False, packages_skip_test_passed=False, packages_select=None, packages_skip=None, packages_select_regex=None, packages_skip_regex=None, packages_start=None, packages_end=None, allow_overriding=[], topological_order=False, names_only=False, paths_only=True, topological_graph=False, topological_graph_dot=False, topological_graph_density=False, topological_graph_legend=False, topological_graph_dot_cluster=False, topological_graph_dot_include_skipped=False, mixin_files=None, mixin=None, verb_parser=<colcon_mixin.mixin.mixin_argument.MixinArgumentDecorator object at 0x73bfcd5cd660>, verb_extension=<colcon_package_information.verb.list.ListVerb object at 0x73bfcd5cc5e0>, main=<bound method ListVerb.main of <colcon_package_information.verb.list.ListVerb object at 0x73bfcd5cc5e0>>, mixin_verb=('list',))
[0.500s] Level 1:colcon.colcon_core.package_discovery:discover_packages(colcon_meta) check parameters
[0.500s] Level 1:colcon.colcon_core.package_discovery:discover_packages(recursive) check parameters
[0.500s] Level 1:colcon.colcon_core.package_discovery:discover_packages(ignore) check parameters
[0.500s] Level 1:colcon.colcon_core.package_discovery:discover_packages(path) check parameters
[0.500s] Level 1:colcon.colcon_core.package_discovery:discover_packages(recursive) discover
[0.500s] INFO:colcon.colcon_core.package_discovery:Crawling recursively for packages in '/home/prime/lab4_ws/src', '/home/prime/lab4_ws/src/--log-base', '/dev/null'
[0.500s] Level 1:colcon.colcon_core.package_identification:_identify(/home/prime/lab4_ws/src) by extensions ['ignore', 'ignore_ament_install']
[0.501s] Level 1:colcon.colcon_core.package_identification:_identify(/home/prime/lab4_ws/src) by extension 'ignore'
[0.501s] Level 1:colcon.colcon_core.package_identification:_identify(/home/prime/lab4_ws/src) by extension 'ignore_ament_install'
[0.501s] Level 1:colcon.colcon_core.package_identification:_identify(/home/prime/lab4_ws/src) by extensions ['colcon_pkg']
[0.501s] Level 1:colcon.colcon_core.package_identification:_identify(/home/prime/lab4_ws/src) by extension 'colcon_pkg'
[0.501s] Level 1:colcon.colcon_core.package_identification:_identify(/home/prime/lab4_ws/src) by extensions ['colcon_meta']
[0.501s] Level 1:colcon.colcon_core.package_identification:_identify(/home/prime/lab4_ws/src) by extension 'colcon_meta'
[0.501s] Level 1:colcon.colcon_core.package_identification:_identify(/home/prime/lab4_ws/src) by extensions ['ros']
[0.501s] Level 1:colcon.colcon_core.package_identification:_identify(/home/prime/lab4_ws/src) by extension 'ros'
[0.542s] Level 1:colcon.colcon_core.package_identification:_identify(/home/prime/lab4_ws/src) by extensions ['cmake', 'python']
[0.543s] Level 1:colcon.colcon_core.package_identification:_identify(/home/prime/lab4_ws/src) by extension 'cmake'
[0.543s] Level 1:colcon.colcon_core.package_identification:_identify(/home/prime/lab4_ws/src) by extension 'python'
[0.543s] Level 1:colcon.colcon_core.package_identification:_identify(/home/prime/lab4_ws/src) by extensions ['python_setup_py']
[0.543s] Level 1:colcon.colcon_core.package_identification:_identify(/home/prime/lab4_ws/src) by extension 'python_setup_py'
[0.543s] Level 1:colcon.colcon_core.package_identification:_identify(/home/prime/lab4_ws/src/RoboticsDev2024-lecture4-sol) by extensions ['ignore', 'ignore_ament_install']
[0.543s] Level 1:colcon.colcon_core.package_identification:_identify(/home/prime/lab4_ws/src/RoboticsDev2024-lecture4-sol) by extension 'ignore'
[0.543s] Level 1:colcon.colcon_core.package_identification:_identify(/home/prime/lab4_ws/src/RoboticsDev2024-lecture4-sol) by extension 'ignore_ament_install'
[0.543s] Level 1:colcon.colcon_core.package_identification:_identify(/home/prime/lab4_ws/src/RoboticsDev2024-lecture4-sol) by extensions ['colcon_pkg']
[0.543s] Level 1:colcon.colcon_core.package_identification:_identify(/home/prime/lab4_ws/src/RoboticsDev2024-lecture4-sol) by extension 'colcon_pkg'
[0.543s] Level 1:colcon.colcon_core.package_identification:_identify(/home/prime/lab4_ws/src/RoboticsDev2024-lecture4-sol) by extensions ['colcon_meta']
[0.543s] Level 1:colcon.colcon_core.package_identification:_identify(/home/prime/lab4_ws/src/RoboticsDev2024-lecture4-sol) by extension 'colcon_meta'
[0.543s] Level 1:colcon.colcon_core.package_identification:_identify(/home/prime/lab4_ws/src/RoboticsDev2024-lecture4-sol) by extensions ['ros']
[0.543s] Level 1:colcon.colcon_core.package_identification:_identify(/home/prime/lab4_ws/src/RoboticsDev2024-lecture4-sol) by extension 'ros'
[0.547s] DEBUG:colcon.colcon_core.package_identification:Package '/home/prime/lab4_ws/src/RoboticsDev2024-lecture4-sol' with type 'ros.ament_cmake' and name 'example_description'
[0.547s] Level 1:colcon.colcon_core.package_identification:_identify(/home/prime/lab4_ws/src/lab4_controller) by extensions ['ignore', 'ignore_ament_install']
[0.547s] Level 1:colcon.colcon_core.package_identification:_identify(/home/prime/lab4_ws/src/lab4_controller) by extension 'ignore'
[0.548s] Level 1:colcon.colcon_core.package_identification:_identify(/home/prime/lab4_ws/src/lab4_controller) by extension 'ignore_ament_install'
[0.548s] Level 1:colcon.colcon_core.package_identification:_identify(/home/prime/lab4_ws/src/lab4_controller) by extensions ['colcon_pkg']
[0.548s] Level 1:colcon.colcon_core.package_identification:_identify(/home/prime/lab4_ws/src/lab4_controller) by extension 'colcon_pkg'
[0.548s] Level 1:colcon.colcon_core.package_identification:_identify(/home/prime/lab4_ws/src/lab4_controller) by extensions ['colcon_meta']
[0.548s] Level 1:colcon.colcon_core.package_identification:_identify(/home/prime/lab4_ws/src/lab4_controller) by extension 'colcon_meta'
[0.548s] Level 1:colcon.colcon_core.package_identification:_identify(/home/prime/lab4_ws/src/lab4_controller) by extensions ['ros']
[0.548s] Level 1:colcon.colcon_core.package_identification:_identify(/home/prime/lab4_ws/src/lab4_controller) by extension 'ros'
[0.549s] DEBUG:colcon.colcon_core.package_identification:Package '/home/prime/lab4_ws/src/lab4_controller' with type 'ros.ament_cmake' and name 'lab4_controller'
[0.549s] Level 1:colcon.colcon_core.package_identification:_identify(/home/prime/lab4_ws/src/lab4_description) by extensions ['ignore', 'ignore_ament_install']
[0.549s] Level 1:colcon.colcon_core.package_identification:_identify(/home/prime/lab4_ws/src/lab4_description) by extension 'ignore'
[0.549s] Level 1:colcon.colcon_core.package_identification:_identify(/home/prime/lab4_ws/src/lab4_description) by extension 'ignore_ament_install'
[0.549s] Level 1:colcon.colcon_core.package_identification:_identify(/home/prime/lab4_ws/src/lab4_description) by extensions ['colcon_pkg']
[0.549s] Level 1:colcon.colcon_core.package_identification:_identify(/home/prime/lab4_ws/src/lab4_description) by extension 'colcon_pkg'
[0.549s] Level 1:colcon.colcon_core.package_identification:_identify(/home/prime/lab4_ws/src/lab4_description) by extensions ['colcon_meta']
[0.549s] Level 1:colcon.colcon_core.package_identification:_identify(/home/prime/lab4_ws/src/lab4_description) by extension 'colcon_meta'
[0.549s] Level 1:colcon.colcon_core.package_identification:_identify(/home/prime/lab4_ws/src/lab4_description) by extensions ['ros']
[0.549s] Level 1:colcon.colcon_core.package_identification:_identify(/home/prime/lab4_ws/src/lab4_description) by extension 'ros'
[0.550s] DEBUG:colcon.colcon_core.package_identification:Package '/home/prime/lab4_ws/src/lab4_description' with type 'ros.ament_cmake' and name 'lab4_description'
[0.551s] Level 1:colcon.colcon_core.package_identification:_identify(/home/prime/lab4_ws/src/lab4_simulation) by extensions ['ignore', 'ignore_ament_install']
[0.551s] Level 1:colcon.colcon_core.package_identification:_identify(/home/prime/lab4_ws/src/lab4_simulation) by extension 'ignore'
[0.551s] Level 1:colcon.colcon_core.package_identification:_identify(/home/prime/lab4_ws/src/lab4_simulation) by extension 'ignore_ament_install'
[0.551s] Level 1:colcon.colcon_core.package_identification:_identify(/home/prime/lab4_ws/src/lab4_simulation) by extensions ['colcon_pkg']
[0.551s] Level 1:colcon.colcon_core.package_identification:_identify(/home/prime/lab4_ws/src/lab4_simulation) by extension 'colcon_pkg'
[0.551s] Level 1:colcon.colcon_core.package_identification:_identify(/home/prime/lab4_ws/src/lab4_simulation) by extensions ['colcon_meta']
[0.551s] Level 1:colcon.colcon_core.package_identification:_identify(/home/prime/lab4_ws/src/lab4_simulation) by extension 'colcon_meta'
[0.551s] Level 1:colcon.colcon_core.package_identification:_identify(/home/prime/lab4_ws/src/lab4_simulation) by extensions ['ros']
[0.551s] Level 1:colcon.colcon_core.package_identification:_identify(/home/prime/lab4_ws/src/lab4_simulation) by extension 'ros'
[0.552s] DEBUG:colcon.colcon_core.package_identification:Package '/home/prime/lab4_ws/src/lab4_simulation' with type 'ros.ament_cmake' and name 'lab4_simulation'
[0.552s] Level 1:colcon.colcon_core.package_identification:_identify(/home/prime/lab4_ws/src/log) by extensions ['ignore', 'ignore_ament_install']
[0.552s] Level 1:colcon.colcon_core.package_identification:_identify(/home/prime/lab4_ws/src/log) by extension 'ignore'
[0.552s] Level 1:colcon.colcon_core.package_identification:_identify(/home/prime/lab4_ws/src/log) ignored
[0.552s] Level 1:colcon.colcon_core.package_discovery:discover_packages(recursive) using defaults
